// Jest Snapshot v1, https://goo.gl/fbAQLP

exports[`Search component renders Article 1`] = `
<DocumentFragment>
  <form>
    <input
      id="search"
      name="search"
      placeholder="Search"
      type="text"
      value="defaultValue"
    />
    <button>
      Search
    </button>
  </form>
</DocumentFragment>
`;
